✔ N01: false_positive cancels pending remedy supplements and rejects stale replies (7.666792ms)
✔ N01: false_positive cancels submitted remedy supplements and rejects stale replies (3.67575ms)
✔ N01: insufficient cancels pending remedy supplements and rejects stale replies (3.021542ms)
✔ N01: insufficient cancels submitted remedy supplements and rejects stale replies (3.424875ms)
✔ N01: maintaining an appeal resumes the original supplement without deleting work (2.589416ms)
✔ N01: stored legacy terminal parents repair dangling children idempotently (2.907333ms)
✔ N02: supplement handoff has exactly one active task, then restores the assigned review (1.598167ms)
✔ N03: live reminders share the agent queue and notice source while read and feedback stay independent (0.862792ms)
✔ N04: saved acceptance restores result, reason and basis after serialization; submission archives it (1.84325ms)
✔ N04: changed standard preserves reference draft, requires confirmation and archives old basis (1.929708ms)
✔ N04: legacy drafts and reassigned drafts require explicit review, and old inspector loses write access (2.277458ms)
✔ N04: appeal pause permits draft updates but never formal acceptance (1.489125ms)
✔ R01: supplement adds second sample to original round and reaches supervisor closure (7.301958ms)
✔ R02: executor options and command reject a different agent, inspectors get scoped access on assignment (1.546167ms)
✔ R03: active appeal cannot be overwritten from finding or another review and can still withdraw (0.530875ms)
✔ R03: ordinary follow-up conclusion change terminates old personnel remedy and its supplements (0.761542ms)
✔ R04: supervisor selected evidence is immutable per conclusion version (1.306875ms)
✔ R05: failed round retains material, samples and standards while new round starts empty (1.564875ms)
✔ R06: returning an overdue review retains first overdue and deadline change in CSV (13.636792ms)
✔ R07: two confirmed problems may have different dispositions, creating only one remedy (0.52425ms)
✔ R07: completed existing fact can be linked without a new Finding or changing its source (1.189291ms)
✔ R08: live call allows draft, rejects formal submission, and reuses the task after ending (1.200167ms)
✔ R09: inspector requests evidence before verdict, supervisor assigns, supplement returns to same draft (1.363916ms)
✔ R10/R12: pending reads are tasks, paused remedies are not, next business action is primary (0.4185ms)
✔ C03: compound acceptance is atomic, records both events, and request retry is idempotent (2.419959ms)
✔ R09: appeal review evidence request returns via supervisor to the same inspector (2.256875ms)
✔ V01: daily count and weighted ratios reconcile with source metrics, excluding live calls (38.7145ms)
✔ V02: Beijing midnight is the inclusive attribution boundary for drill-down and CSV (0.91175ms)
✔ V03: long ranges aggregate at most 31 buckets with no duplicate or lost samples (81.072334ms)
✔ V04: empty ratio dates and future dates remain absent, while historical count zero stays zero (50.47725ms)
✔ V05: indicator bars, verdict segments and agent matrix reconcile and update with latest conclusions (19.589584ms)
✔ V06: agent and business filters apply to every visualization; restricted roles expose no report rows (1.411083ms)
✔ V07: selected-period ratio, denominator and export note use the selected period rather than overall totals (28.672708ms)
✔ T01: real-time ending reuses valid assignment; missing assignment returns supervisor; duplicate request id is idempotent (3.910333ms)
✔ T02: false positive closes only candidate and never creates remediation (0.742542ms)
✔ T03: insufficient evidence has owned and dated supplement loop and is excluded from false positives (12.133875ms)
✔ T04: confirmed risk without remedy is delivered, remains risk, can appeal; ack cannot close or alter verdict (0.778291ms)
✔ T05: issue once, agent accepts/materials, assigned inspector passes, supervisor closes (1.905958ms)
✔ T06: insufficient samples retain inspector ownership; agent supplements; failed acceptance waits for supervisor return (4.195584ms)
✔ T07: preacceptance and in-review appeal supplements both return through supervisor, preserving reviewer (3.06125ms)
✔ T08: withdraw, reject, maintain restore phase and elapsed pause; old overdue retained (4.803333ms)
✔ T09: false positive / insufficient terminate separately; risk adjustment invalidates old acceptance (4.6105ms)
✔ T10: rule bounds, resource duplicate/SOP validation, failed checks keep draft, publish creates immutable versions (2.011542ms)
✔ T11: multi-risk counts separate from calls, zero denominators show dash, CSV uses drilldown rows and protects formulas (0.912083ms)
✔ T12: 3 roles, 7 routes, identity-scoped objects and actions, stale version rejected (0.575792ms)
✔ T13: normal spot check creates no fake false positive; multi findings retained independently (1.521958ms)
✔ T14: human-added finding never enters automatic-candidate precision denominator (2.218958ms)
✔ T15: withdrawal cancels open appeal review and invalidates captured form, retains draft opinions (1.730083ms)
✔ T16: changing a completion standard invalidates prior approval; supplement executor cannot close (1.615084ms)
✔ T17: resource publish during running detection preserves in-flight rule/resource snapshot and re-detection appends a batch (1.496167ms)
✔ T18: overlapping pauses count their union, first overdue and original deadline never disappear (0.174959ms)
✔ D01: withdrawn or unaccepted can resubmit, substantive decision cannot repeat same version, changed adverse version can appeal (1.936292ms)
✔ D03: preferred alternate reviewer exists; same reviewer needs a recorded reason (1.209292ms)
✔ Detection failures are execution states and do not become successful after human review (0.106375ms)
✔ Resources: creating an item requires references; draft/publish updates future rule snapshot only (0.907833ms)
✔ Reassignment: old inspector loses submit permission and original draft remains (0.515125ms)
✔ Appeal submitted review becomes completed after substantive adjudication; new adverse version can appeal (1.357292ms)
ℹ tests 57
ℹ suites 0
ℹ pass 57
ℹ fail 0
ℹ cancelled 0
ℹ skipped 0
ℹ todo 0
ℹ duration_ms 320.733
MVP-P0 verification passed: port, indicator catalog, core artifacts and workflow invariants.
